Archive member included to satisfy reference by file (symbol)

build/native/contiki-ng-native.a(contiki-main.o)
                              /usr/lib/gcc/x86_64-linux-gnu/7/../../../x86_64-linux-gnu/Scrt1.o (main)
build/native/contiki-ng-native.a(autostart.o)
                              build/native/contiki-ng-native.a(contiki-main.o) (autostart_start)
build/native/contiki-ng-native.a(log.o)
                              clusterhead.o (log_6addr)
build/native/contiki-ng-native.a(energest.o)
                              build/native/contiki-ng-native.a(contiki-main.o) (energest_init)
build/native/contiki-ng-native.a(etimer.o)
                              build/native/contiki-ng-native.a(contiki-main.o) (etimer_process)
build/native/contiki-ng-native.a(node-id.o)
                              build/native/contiki-ng-native.a(contiki-main.o) (node_id_init)
build/native/contiki-ng-native.a(ctimer.o)
                              build/native/contiki-ng-native.a(contiki-main.o) (ctimer_init)
build/native/contiki-ng-native.a(rtimer.o)
                              build/native/contiki-ng-native.a(contiki-main.o) (rtimer_init)
build/native/contiki-ng-native.a(process.o)
                              build/native/contiki-ng-native.a(etimer.o) (process_current)
build/native/contiki-ng-native.a(timer.o)
                              build/native/contiki-ng-native.a(etimer.o) (timer_set)
build/native/contiki-ng-native.a(list.o)
                              build/native/contiki-ng-native.a(ctimer.o) (list_init)
build/native/contiki-ng-native.a(random.o)
                              clusterhead.o (random_rand)
build/native/contiki-ng-native.a(queuebuf.o)
                              build/native/contiki-ng-native.a(contiki-main.o) (queuebuf_init)
build/native/contiki-ng-native.a(packetbuf.o)
                              build/native/contiki-ng-native.a(queuebuf.o) (packetbuf_copyto)
build/native/contiki-ng-native.a(netstack.o)
                              build/native/contiki-ng-native.a(contiki-main.o) (netstack_init)
build/native/contiki-ng-native.a(linkaddr.o)
                              build/native/contiki-ng-native.a(packetbuf.o) (linkaddr_copy)
build/native/contiki-ng-native.a(nullmac.o)
                              build/native/contiki-ng-native.a(contiki-main.o) (nullmac_driver)
build/native/contiki-ng-native.a(uip-ds6.o)
                              build/native/contiki-ng-native.a(contiki-main.o) (uip_ds6_get_link_local)
build/native/contiki-ng-native.a(uip-ds6-route.o)
                              build/native/contiki-ng-native.a(uip-ds6.o) (uip_ds6_route_init)
build/native/contiki-ng-native.a(uip-ds6-nbr.o)
                              build/native/contiki-ng-native.a(uip-ds6.o) (uip_ds6_neighbors_init)
build/native/contiki-ng-native.a(tcpip.o)
                              build/native/contiki-ng-native.a(contiki-main.o) (tcpip_process)
build/native/contiki-ng-native.a(uip6.o)
                              build/native/contiki-ng-native.a(tcpip.o) (uip_aligned_buf)
build/native/contiki-ng-native.a(uip-nd6.o)
                              build/native/contiki-ng-native.a(uip-ds6-nbr.o) (uip_nd6_ns_output)
build/native/contiki-ng-native.a(simple-udp.o)
                              clusterhead.o (simple_udp_sendto)
build/native/contiki-ng-native.a(uiplib.o)
                              build/native/contiki-ng-native.a(log.o) (uiplib_ipaddr_snprint)
build/native/contiki-ng-native.a(rpl.o)
                              clusterhead.o (rpl_lite_driver)
build/native/contiki-ng-native.a(rpl-dag.o)
                              build/native/contiki-ng-native.a(rpl.o) (curr_instance)
build/native/contiki-ng-native.a(rpl-dag-root.o)
                              build/native/contiki-ng-native.a(rpl.o) (rpl_dag_root_set_prefix)
build/native/contiki-ng-native.a(platform.o)
                              build/native/contiki-ng-native.a(contiki-main.o) (platform_process_args)
build/native/contiki-ng-native.a(clock.o)
                              build/native/contiki-ng-native.a(etimer.o) (clock_time)
build/native/contiki-ng-native.a(tun6-net.o)
                              build/native/contiki-ng-native.a(contiki-main.o) (tun6_net_driver)
build/native/contiki-ng-native.a(rtimer-arch.o)
                              build/native/contiki-ng-native.a(rtimer.o) (rtimer_arch_init)
build/native/contiki-ng-native.a(watchdog.o)
                              build/native/contiki-ng-native.a(contiki-main.o) (watchdog_init)
build/native/contiki-ng-native.a(stimer.o)
                              build/native/contiki-ng-native.a(uip-ds6.o) (stimer_set)
build/native/contiki-ng-native.a(memb.o)
                              build/native/contiki-ng-native.a(queuebuf.o) (memb_init)
build/native/contiki-ng-native.a(button-hal.o)
                              build/native/contiki-ng-native.a(platform.o) (button_hal_init)
build/native/contiki-ng-native.a(serial-line.o)
[...]
Memory Configuration

Name             Origin             Length             Attributes
*default*        0x0000000000000000 0xffffffffffffffff

Linker script and memory map

LOAD /usr/lib/gcc/x86_64-linux-gnu/7/../../../x86_64-linux-gnu/Scrt1.o
LOAD /usr/lib/gcc/x86_64-linux-gnu/7/../../../x86_64-linux-gnu/crti.o
LOAD /usr/lib/gcc/x86_64-linux-gnu/7/crtbeginS.o
LOAD clusterhead.o
LOAD build/native/contiki-ng-native.a
LOAD /usr/lib/gcc/x86_64-linux-gnu/7/../../../x86_64-linux-gnu/librt.so
LOAD /usr/lib/gcc/x86_64-linux-gnu/7/libgcc.a
LOAD /usr/lib/gcc/x86_64-linux-gnu/7/libgcc_s.so
START GROUP
LOAD /usr/lib/gcc/x86_64-linux-gnu/7/libgcc_s.so.1
LOAD /usr/lib/gcc/x86_64-linux-gnu/7/libgcc.a
END GROUP
LOAD /usr/lib/gcc/x86_64-linux-gnu/7/../../../x86_64-linux-gnu/libc.so
START GROUP
LOAD /lib/x86_64-linux-gnu/libc.so.6
LOAD /usr/lib/x86_64-linux-gnu/libc_nonshared.a
LOAD /lib/x86_64-linux-gnu/ld-linux-x86-64.so.2
END GROUP
LOAD /usr/lib/gcc/x86_64-linux-gnu/7/libgcc.a
LOAD /usr/lib/gcc/x86_64-linux-gnu/7/libgcc_s.so
START GROUP
LOAD /usr/lib/gcc/x86_64-linux-gnu/7/libgcc_s.so.1
LOAD /usr/lib/gcc/x86_64-linux-gnu/7/libgcc.a
END GROUP
LOAD /usr/lib/gcc/x86_64-linux-gnu/7/crtendS.o
LOAD /usr/lib/gcc/x86_64-linux-gnu/7/../../../x86_64-linux-gnu/crtn.o
                [!provide]                        PROVIDE (__executable_start = SEGMENT_START ("text-segment", 0x0))
                0x0000000000000238                . = (SEGMENT_START ("text-segment", 0x0) + SIZEOF_HEADERS)

.interp         0x0000000000000238       0x1c
 *(.interp)
 .interp        0x0000000000000238       0x1c /usr/lib/gcc/x86_64-linux-gnu/7/../../../x86_64-linux-gnu/Scrt1.o

.note.ABI-tag   0x0000000000000254       0x20
 .note.ABI-tag  0x0000000000000254       0x20 /usr/lib/gcc/x86_64-linux-gnu/7/../../../x86_64-linux-gnu/Scrt1.o

.note.gnu.build-id
                0x0000000000000274       0x24
 *(.note.gnu.build-id)
 .note.gnu.build-id
                0x0000000000000274       0x24 /usr/lib/gcc/x86_64-linux-gnu/7/../../../x86_64-linux-gnu/Scrt1.o

.hash
 *(.hash)

.gnu.hash       0x0000000000000298      0xde4
 *(.gnu.hash)
 .gnu.hash      0x0000000000000298      0xde4 /usr/lib/gcc/x86_64-linux-gnu/7/../../../x86_64-linux-gnu/Scrt1.o

.dynsym         0x0000000000001080     0x3258
 *(.dynsym)
 .dynsym        0x0000000000001080     0x3258 /usr/lib/gcc/x86_64-linux-gnu/7/../../../x86_64-linux-gnu/Scrt1.o

.dynstr         0x00000000000042d8     0x25ec
 *(.dynstr)
 .dynstr        0x00000000000042d8     0x25ec /usr/lib/gcc/x86_64-linux-gnu/7/../../../x86_64-linux-gnu/Scrt1.o

.gnu.version    0x00000000000068c4      0x432
 *(.gnu.version)
 .gnu.version   0x00000000000068c4      0x432 /usr/lib/gcc/x86_64-linux-gnu/7/../../../x86_64-linux-gnu/Scrt1.o

.gnu.version_d  0x0000000000006cf8        0x0
 *(.gnu.version_d)
 .gnu.version_d
                0x0000000000006cf8        0x0 /usr/lib/gcc/x86_64-linux-gnu/7/../../../x86_64-linux-gnu/Scrt1.o

.gnu.version_r  0x0000000000006cf8       0x80
 *(.gnu.version_r)
 .gnu.version_r
                0x0000000000006cf8       0x80 /usr/lib/gcc/x86_64-linux-gnu/7/../../../x86_64-linux-gnu/Scrt1.o

.rela.dyn       0x0000000000006d78      0xca8
 *(.rela.init)
 *(.rela.text .rela.text.* .rela.gnu.linkonce.t.*)
 .rela.text.startup
                0x0000000000006d78        0x0 /usr/lib/gcc/x86_64-linux-gnu/7/../../../x86_64-linux-gnu/Scrt1.o
 .rela.text     0x0000000000006d78        0x0 /usr/lib/gcc/x86_64-linux-gnu/7/../../../x86_64-linux-gnu/Scrt1.o
 .rela.text.unlikely
                0x0000000000006d78        0x0 /usr/lib/gcc/x86_64-linux-gnu/7/../../../x86_64-linux-gnu/Scrt1.o
 *(.rela.fini)
 *(.rela.rodata .rela.rodata.* .rela.gnu.linkonce.r.*)
 *(.rela.data .rela.data.* .rela.gnu.linkonce.d.*)
 .rela.data.rel.ro
                0x0000000000006d78      0x1f8 /usr/lib/gcc/x86_64-linux-gnu/7/../../../x86_64-linux-gnu/Scrt1.o
 .rela.data.rel.local
                0x0000000000006f70      0x708 /usr/lib/gcc/x86_64-linux-gnu/7/../../../x86_64-linux-gnu/Scrt1.o
 .rela.data.rel.ro.local
                0x0000000000007678      0x2d0 /usr/lib/gcc/x86_64-linux-gnu/7/../../../x86_64-linux-gnu/Scrt1.o
 *(.rela.tdata .rela.tdata.* .rela.gnu.linkonce.td.*)
 *(.rela.tbss .rela.tbss.* .rela.gnu.linkonce.tb.*)
 *(.rela.ctors)
 *(.rela.dtors)
 *(.rela.got)
 .rela.got      0x0000000000007948       0x78 /usr/lib/gcc/x86_64-linux-gnu/7/../../../x86_64-linux-gnu/Scrt1.o
 *(.rela.bss .rela.bss.* .rela.gnu.linkonce.b.*)
 .rela.bss      0x00000000000079c0       0x30 /usr/lib/gcc/x86_64-linux-gnu/7/../../../x86_64-linux-gnu/Scrt1.o
 *(.rela.ldata .rela.ldata.* .rela.gnu.linkonce.l.*)
 *(.rela.lbss .rela.lbss.* .rela.gnu.linkonce.lb.*)
 *(.rela.lrodata .rela.lrodata.* .rela.gnu.linkonce.lr.*)
 *(.rela.ifunc)
 .rela.ifunc    0x00000000000079f0        0x0 /usr/lib/gcc/x86_64-linux-gnu/7/../../../x86_64-linux-gnu/Scrt1.o
 .rela.fini_array
                0x00000000000079f0       0x18 /usr/lib/gcc/x86_64-linux-gnu/7/../../../x86_64-linux-gnu/Scrt1.o
 .rela.init_array
                0x0000000000007a08       0x18 /usr/lib/gcc/x86_64-linux-gnu/7/../../../x86_64-linux-gnu/Scrt1.o

.rela.plt       0x0000000000007a20      0x378
 *(.rela.plt)
 .rela.plt      0x0000000000007a20      0x378 /usr/lib/gcc/x86_64-linux-gnu/7/../../../x86_64-linux-gnu/Scrt1.o
                [!provide]                        PROVIDE (__rela_iplt_start = .)
 *(.rela.iplt)
                [!provide]                        PROVIDE (__rela_iplt_end = .)

.init           0x0000000000007d98       0x17
 *(SORT_NONE(.init))
 .init          0x0000000000007d98       0x12 /usr/lib/gcc/x86_64-linux-gnu/7/../../../x86_64-linux-gnu/crti.o
                0x0000000000007d98                _init
 .init          0x0000000000007daa        0x5 /usr/lib/gcc/x86_64-linux-gnu/7/../../../x86_64-linux-gnu/crtn.o

.plt            0x0000000000007db0      0x260
 *(.plt)
 .plt           0x0000000000007db0      0x260 /usr/lib/gcc/x86_64-linux-gnu/7/../../../x86_64-linux-gnu/Scrt1.o
 *(.iplt)

.plt.got        0x0000000000008010        0x8
 *(.plt.got)
 .plt.got       0x0000000000008010        0x8 /usr/lib/gcc/x86_64-linux-gnu/7/../../../x86_64-linux-gnu/Scrt1.o

.plt.sec
 *(.plt.sec)

.text           0x0000000000008020     0xd1de
 *(.text.unlikely .text.*_unlikely .text.unlikely.*)
 .text.unlikely
                0x0000000000008020       0xae build/native/contiki-ng-native.a(uip6.o)
 *(.text.exit .text.exit.*)
 *(.text.startup .text.startup.*)
 *fill*         0x00000000000080ce        0x2 
 .text.startup  0x00000000000080d0      0x367 build/native/contiki-ng-native.a(contiki-main.o)
                0x00000000000080d0                main
 *(.text.hot .text.hot.*)
 *(.text .stub .text.* .gnu.linkonce.t.*)
 *fill*         0x0000000000008437        0x9 
 .text          0x0000000000008440       0x2b /usr/lib/gcc/x86_64-linux-gnu/7/../../../x86_64-linux-gnu/Scrt1.o
                0x0000000000008440                _start
 .text          0x000000000000846b        0x0 /usr/lib/gcc/x86_64-linux-gnu/7/../../../x86_64-linux-gnu/crti.o
 *fill*         0x000000000000846b        0x5 
 .text          0x0000000000008470       0xda /usr/lib/gcc/x86_64-linux-gnu/7/crtbeginS.o
 *fill*         0x000000000000854a        0x6 
 .text          0x0000000000008550      0x582 clusterhead.o
 .text          0x0000000000008ad2        0x0 build/native/contiki-ng-native.a(contiki-main.o)
 *fill*         0x0000000000008ad2        0xe 
 .text          0x0000000000008ae0       0x54 build/native/contiki-ng-native.a(autostart.o)
                0x0000000000008ae0                autostart_start
                0x0000000000008b10                autostart_exit
 *fill*         0x0000000000008b34        0xc 
 .text          0x0000000000008b40      0x3b8 build/native/contiki-ng-native.a(log.o)
                0x0000000000008b40                log_6addr
                0x0000000000008ba0                log_6addr_compact_snprint
                0x0000000000008c20                log_6addr_compact
                0x0000000000008c80                log_lladdr
                0x0000000000008d20                log_lladdr_compact
                0x0000000000008d70                log_set_level
                0x0000000000008e00                log_get_level
                0x0000000000008e90                log_level_to_str
 *fill*         0x0000000000008ef8        0x8 
 .text          0x0000000000008f00       0x23 build/native/contiki-ng-native.a(energest.o)
                0x0000000000008f00                energest_init
                0x0000000000008f10                energest_flush
                0x0000000000008f20                energest_get_total_time
 *fill*         0x0000000000008f23        0xd 
 .text          0x0000000000008f30      0x44d build/native/contiki-ng-native.a(etimer.o)
                0x00000000000091d0                etimer_request_poll
                0x00000000000091e0                etimer_set
                0x0000000000009200                etimer_reset_with_new_interval
                0x0000000000009230                etimer_reset
                0x0000000000009250                etimer_restart
                0x0000000000009270                etimer_adjust
                0x00000000000092a0                etimer_expired
                0x00000000000092b0                etimer_expiration_time
                0x00000000000092c0                etimer_start_time
                0x00000000000092d0                etimer_pending
                0x00000000000092e0                etimer_next_expiration_time
                0x0000000000009300                etimer_stop
 *fill*         0x000000000000937d        0x3 
 .text          0x0000000000009380       0x1b build/native/contiki-ng-native.a(node-id.o)
                0x0000000000009380                node_id_init
 *fill*         0x000000000000939b        0x5 
 .text          0x00000000000093a0      0x364 build/native/contiki-ng-native.a(ctimer.o)
                0x00000000000094c0                ctimer_init
                0x00000000000094f0                ctimer_set_with_process
                0x0000000000009560                ctimer_set
                0x0000000000009570                ctimer_reset
                0x00000000000095e0                ctimer_restart
                0x0000000000009650                ctimer_stop
                0x00000000000096b0                ctimer_expired
 *fill*         0x0000000000009704        0xc 
 .text          0x0000000000009710       0xaa build/native/contiki-ng-native.a(rtimer.o)
                0x0000000000009710                rtimer_init
                0x0000000000009720                rtimer_set
                0x0000000000009770                rtimer_run_next
 *fill*         0x00000000000097ba        0x6 
 .text          0x00000000000097c0      0x44a build/native/contiki-ng-native.a(process.o)
                0x0000000000009980                process_alloc_event
                0x00000000000099a0                process_start
                0x0000000000009a10                process_exit
                0x0000000000009a20                process_init
                0x0000000000009a50                process_run
                0x0000000000009b40                process_nevents
                0x0000000000009b60                process_post
                0x0000000000009bb0                process_post_synch
                0x0000000000009bd0                process_poll
                0x0000000000009c00                process_is_running
 *fill*         0x0000000000009c0a        0x6 
 .text          0x0000000000009c10       0x95 build/native/contiki-ng-native.a(timer.o)
                0x0000000000009c10                timer_set
                0x0000000000009c30                timer_reset
                0x0000000000009c60                timer_restart
                0x0000000000009c70                timer_expired
                0x0000000000009c90                timer_remaining
 *fill*         0x0000000000009ca5        0xb 
 .text          0x0000000000009cb0      0x343 build/native/contiki-ng-native.a(list.o)
                0x0000000000009cb0                list_init
                0x0000000000009cc0                list_head
                0x0000000000009cd0                list_copy
                0x0000000000009ce0                list_tail
                0x0000000000009d00                list_add
                0x0000000000009d80                list_push
                0x0000000000009df0                list_chop
                0x0000000000009e30                list_pop
                0x0000000000009e40                list_remove
                0x0000000000009eb0                list_length
                0x0000000000009ee0                list_insert
                0x0000000000009fa0                list_item_next
                0x0000000000009fc0                list_contains
 *fill*         0x0000000000009ff3        0xd 
 .text          0x000000000000a000       0x1e build/native/contiki-ng-native.a(random.o)
                0x000000000000a000                random_init
                0x000000000000a010                random_rand
 *fill*         0x000000000000a01e        0x2 
 .text          0x000000000000a020      0x202 build/native/contiki-ng-native.a(queuebuf.o)
                0x000000000000a020                queuebuf_init
                0x000000000000a040                queuebuf_numfree
                0x000000000000a050                queuebuf_new_from_packetbuf
                0x000000000000a0d0                queuebuf_update_attr_from_packetbuf
                0x000000000000a0f0                queuebuf_update_from_packetbuf
                0x000000000000a120                queuebuf_free
                0x000000000000a160                queuebuf_to_packetbuf
                0x000000000000a1b0                queuebuf_dataptr
                0x000000000000a1e0                queuebuf_datalen
                0x000000000000a1f0                queuebuf_addr
                0x000000000000a210                queuebuf_attr
                0x000000000000a220                queuebuf_debug_print
 *fill*         0x000000000000a222        0xe 
 .text          0x000000000000a230      0x3e3 build/native/contiki-ng-native.a(packetbuf.o)
                0x000000000000a230                packetbuf_copyto
                0x000000000000a310                packetbuf_hdralloc
                0x000000000000a380                packetbuf_hdrreduce
                0x000000000000a3b0                packetbuf_set_datalen
                0x000000000000a3c0                packetbuf_dataptr
                0x000000000000a3e0                packetbuf_hdrptr
                0x000000000000a3f0                packetbuf_datalen
                0x000000000000a400                packetbuf_hdrlen
                0x000000000000a410                packetbuf_totlen
                0x000000000000a430                packetbuf_remaininglen
                0x000000000000a450                packetbuf_attr_clear
                0x000000000000a4a0                packetbuf_clear
                0x000000000000a4c0                packetbuf_copyfrom
                0x000000000000a520                packetbuf_attr_copyto
                0x000000000000a550                packetbuf_attr_copyfrom
                0x000000000000a580                packetbuf_set_attr
                0x000000000000a5a0                packetbuf_attr
                0x000000000000a5b0                packetbuf_set_addr
                0x000000000000a5e0                packetbuf_addr
                0x000000000000a600                packetbuf_holds_broadcast
 *fill*         0x000000000000a613        0xd 
 .text          0x000000000000a620       0xba build/native/contiki-ng-native.a(netstack.o)
                0x000000000000a620                netstack_process_ip_callback
                0x000000000000a690                netstack_ip_packet_processor_add
                0x000000000000a6b0                uip_ds6_ip_packet_processor_rm
                0x000000000000a6c0                netstack_init
 *fill*         0x000000000000a6da        0x6 
 .text          0x000000000000a6e0       0x2b build/native/contiki-ng-native.a(linkaddr.o)
                0x000000000000a6e0                linkaddr_copy
                0x000000000000a6f0                linkaddr_cmp
                0x000000000000a700                linkaddr_set_node_addr
 *fill*         0x000000000000a70b        0x5 
 .text          0x000000000000a710       0x52 build/native/contiki-ng-native.a(nullmac.o)
 *fill*         0x000000000000a762        0xe 
 .text          0x000000000000a770      0xb04 build/native/contiki-ng-native.a(uip-ds6.o)
                0x000000000000a830                uip_ds6_default_prefix
                0x000000000000a840                uip_ds6_set_default_prefix
                0x000000000000a850                uip_ds6_list_loop
                0x000000000000a890                uip_ds6_prefix_add
                0x000000000000a940                uip_ds6_prefix_rm
                0x000000000000a950                uip_ds6_prefix_lookup
                0x000000000000a9b0                uip_ds6_is_addr_onlink
                0x000000000000aa20                uip_ds6_addr_lookup
                0x000000000000aa80                uip_ds6_get_link_local
                0x000000000000aaf0                uip_ds6_get_global
                0x000000000000ab60                uip_ds6_maddr_add
                0x000000000000abc0                uip_ds6_addr_add
                0x000000000000acb0                uip_ds6_maddr_rm
                0x000000000000acc0                uip_ds6_maddr_lookup
                0x000000000000ad80                uip_ds6_addr_rm
                0x000000000000ada0                uip_ds6_periodic
                0x000000000000ae20                uip_ds6_aaddr_add
                0x000000000000ae80                uip_ds6_aaddr_rm
                0x000000000000ae90                uip_ds6_aaddr_lookup
                0x000000000000aef0                uip_ds6_select_src
                0x000000000000b030                uip_ds6_set_addr_iid
                0x000000000000b040                uip_ds6_set_lladdr_from_iid
                0x000000000000b050                get_match_length
                0x000000000000b0a0                uip_ds6_compute_reachable_time
                0x000000000000b0e0                uip_ds6_init
 *fill*         0x000000000000b274        0xc 
 .text          0x000000000000b280      0x2ea build/native/contiki-ng-native.a(uip-ds6-route.o)
                0x000000000000b280                uip_ds6_route_init
                0x000000000000b2a0                uip_ds6_route_nexthop
                0x000000000000b2b0                uip_ds6_route_head
                0x000000000000b2c0                uip_ds6_route_next
                0x000000000000b2d0                uip_ds6_route_is_nexthop
                0x000000000000b2e0                uip_ds6_route_num_routes
                0x000000000000b2f0                uip_ds6_route_lookup
                0x000000000000b300                uip_ds6_route_add
                0x000000000000b310                uip_ds6_route_rm
                0x000000000000b320                uip_ds6_route_rm_by_nexthop
                0x000000000000b330                uip_ds6_defrt_head
                0x000000000000b340                uip_ds6_defrt_rm
                0x000000000000b3a0                uip_ds6_defrt_lookup
                0x000000000000b3f0                uip_ds6_defrt_add
                0x000000000000b4a0                uip_ds6_defrt_choose
                0x000000000000b500                uip_ds6_defrt_periodic
 *fill*         0x000000000000b56a        0x6 
 .text          0x000000000000b570      0x58c build/native/contiki-ng-native.a(uip-ds6-nbr.o)
                0x000000000000b5a0                uip_ds6_nbr_rm
                0x000000000000b5c0                uip_ds6_neighbors_init
                0x000000000000b5e0                uip_ds6_nbr_add
                0x000000000000b660                uip_ds6_nbr_update_ll
                0x000000000000b760                uip_ds6_nbr_get_ipaddr
                0x000000000000b770                uip_ds6_nbr_get_ll
                0x000000000000b780                uip_ds6_nbr_num
                0x000000000000b7c0                uip_ds6_nbr_head
                0x000000000000b7d0                uip_ds6_nbr_next
                0x000000000000b7e0                uip_ds6_nbr_lookup
                0x000000000000b860                uip_ds6_nbr_ll_lookup
                0x000000000000b870                uip_ds6_nbr_ipaddr_from_lladdr
                0x000000000000b880                uip_ds6_nbr_lladdr_from_ipaddr
                0x000000000000b8b0                uip_ds6_link_callback
                0x000000000000b8c0                uip_ds6_neighbor_periodic
                0x000000000000ba50                uip_ds6_nbr_refresh_reachable_state
                0x000000000000ba90                uip_ds6_get_least_lifetime_neighbor
 *fill*         0x000000000000bafc        0x4 
 .text          0x000000000000bb00      0x665 build/native/contiki-ng-native.a(tcpip.o)
                0x000000000000bb60                tcpip_output
                0x000000000000bb90                udp_attach
                0x000000000000bba0                udp_new
                0x000000000000bbd0                udp_broadcast_new
                0x000000000000bc50                tcpip_input
                0x000000000000bc80                tcpip_ipv6_output
                0x000000000000c100                tcpip_poll_udp
                0x000000000000c120                tcpip_uipcall
 *fill*         0x000000000000c165        0xb 
 .text          0x000000000000c170      0xb7e build/native/contiki-ng-native.a(uip6.o)
                0x000000000000c270                uip_chksum
                0x000000000000c290                uip_icmp6chksum
                0x000000000000c2a0                uip_udpchksum
                0x000000000000c2b0                uip_init
                0x000000000000c330                uip_remove_ext_hdr
                0x000000000000c3e0                uip_udp_new
                0x000000000000c4a0                uip_process
                0x000000000000cc30                uip_htons
                0x000000000000cc40                uip_htonl
                0x000000000000cc60                uip_send
 *fill*         0x000000000000ccee        0x2 
 .text          0x000000000000ccf0      0x9a0 build/native/contiki-ng-native.a(uip-nd6.o)
                0x000000000000d480                uip_nd6_ns_output
                0x000000000000d670                uip_nd6_init
 .text          0x000000000000d690      0x28c build/native/contiki-ng-native.a(simple-udp.o)
                0x000000000000d790                simple_udp_send
                0x000000000000d7d0                simple_udp_sendto
                0x000000000000d810                simple_udp_sendto_port
                0x000000000000d840                simple_udp_register
 *fill*         0x000000000000d91c        0x4 
 .text          0x000000000000d920      0x4a9 build/native/contiki-ng-native.a(uiplib.o)
                0x000000000000d920                uiplib_ip6addrconv
                0x000000000000db20                uiplib_ip4addrconv
                0x000000000000dba0                uiplib_ipaddr_snprint
                0x000000000000dd70                uiplib_ipaddr_print
 *fill*         0x000000000000ddc9        0x7 
 .text          0x000000000000ddd0      0x498 build/native/contiki-ng-native.a(rpl.o)
                0x000000000000ddd0                rpl_has_joined
                0x000000000000ddf0                rpl_is_reachable
                0x000000000000de20                rpl_get_leaf_only
                0x000000000000df60                rpl_link_callback
                0x000000000000dfc0                rpl_lollipop_greater_than
                0x000000000000e010                rpl_get_global_address
                0x000000000000e0e0                rpl_reset_prefix
                0x000000000000e140                rpl_set_prefix_from_addr
                0x000000000000e220                rpl_set_prefix
                0x000000000000e260                rpl_set_leaf_only
 *fill*         0x000000000000e268        0x8 
 .text          0x000000000000e270      0xcb5 build/native/contiki-ng-native.a(rpl-dag.o)
                0x000000000000e6b0                rpl_dag_state_to_str
                0x000000000000e6f0                rpl_dag_get_root_ipaddr
                0x000000000000e720                rpl_dag_leave
                0x000000000000e790                rpl_dag_poison_and_leave
                0x000000000000e7a0                rpl_dag_periodic
                0x000000000000e820                rpl_is_addr_in_our_dag
                0x000000000000e870                rpl_get_default_instance
                0x000000000000e890                rpl_get_any_dag
                0x000000000000e8b0                rpl_refresh_routes
                0x000000000000e8e0                rpl_global_repair
                0x000000000000e910                rpl_local_repair
                0x000000000000e930                rpl_dag_ready_to_advertise
                0x000000000000e960                rpl_dag_update_state
                0x000000000000e980                rpl_process_dio
                0x000000000000ec40                rpl_process_dis
                0x000000000000ec80                rpl_process_dao
                0x000000000000ed00                rpl_process_dao_ack
                0x000000000000eda0                rpl_process_hbh
                0x000000000000ee00                rpl_dag_init_root
                0x000000000000ef10                rpl_dag_init
 *fill*         0x000000000000ef25        0xb 
 .text          0x000000000000ef30      0x221 build/native/contiki-ng-native.a(rpl-dag-root.o)
                0x000000000000efb0                rpl_dag_root_print_links
                0x000000000000f050                rpl_dag_root_set_prefix
                0x000000000000f080                rpl_dag_root_start
                0x000000000000f130                rpl_dag_root_is_root
 *fill*         0x000000000000f151        0xf 
 .text          0x000000000000f160      0x44d build/native/contiki-ng-native.a(platform.o)
                0x000000000000f1d0                select_set_callback
                0x000000000000f260                native_uart_set_input
                0x000000000000f270                platform_process_args
                0x000000000000f280                platform_init_stage_one
                0x000000000000f2a0                platform_init_stage_two
                0x000000000000f300                platform_init_stage_three
                0x000000000000f410                platform_main_loop
                0x000000000000f570                log_message
                0x000000000000f590                uip_log
 *fill*         0x000000000000f5ad        0x3 
 .text          0x000000000000f5b0       0xc2 build/native/contiki-ng-native.a(clock.o)
                0x000000000000f5b0                clock_time
                0x000000000000f620                clock_seconds
                0x000000000000f660                clock_delay
                0x000000000000f670                clock_init
 *fill*         0x000000000000f672        0xe 
 .text          0x000000000000f680      0x51f build/native/contiki-ng-native.a(tun6-net.o)
 *fill*         0x000000000000fb9f        0x1 
 .text          0x000000000000fba0       0xbe build/native/contiki-ng-native.a(rtimer-arch.o)
                0x000000000000fbc0                rtimer_arch_init
                0x000000000000fbe0                rtimer_arch_schedule
 *fill*         0x000000000000fc5e        0x2 
 .text          0x000000000000fc60       0x4e build/native/contiki-ng-native.a(watchdog.o)
                0x000000000000fc60                watchdog_init
                0x000000000000fc70                watchdog_start
                0x000000000000fc80                watchdog_periodic
                0x000000000000fc90                watchdog_stop
                0x000000000000fca0                watchdog_reboot
 *fill*         0x000000000000fcae        0x2 
 .text          0x000000000000fcb0       0xbe build/native/contiki-ng-native.a(stimer.o)
                0x000000000000fcb0                stimer_set
                0x000000000000fcd0                stimer_reset
                0x000000000000fd00                stimer_restart
                0x000000000000fd10                stimer_expired
                0x000000000000fd40                stimer_remaining
                0x000000000000fd60                stimer_elapsed
 *fill*         0x000000000000fd6e        0x2 
 .text          0x000000000000fd70      0x15b build/native/contiki-ng-native.a(memb.o)
                0x000000000000fd70                memb_init
                0x000000000000fda0                memb_alloc
                0x000000000000fe00                memb_free
                0x000000000000fe60                memb_inmemb
                0x000000000000fe90                memb_numfree
 *fill*         0x000000000000fecb        0x5 
 .text          0x000000000000fed0      0x378 build/native/contiki-ng-native.a(button-hal.o)
                0x0000000000010020                button_hal_get_by_id
                0x0000000000010060                button_hal_get_by_index
                0x0000000000010090                button_hal_get_state
                0x0000000000010170                button_hal_init
 *fill*         0x0000000000010248        0x8 
 .text          0x0000000000010250      0x1be build/native/contiki-ng-native.a(serial-line.o)
                0x0000000000010370                serial_line_input_byte
                0x00000000000103e0                serial_line_init
 *fill*         0x000000000001040e        0x2 
 .text          0x0000000000010410       0x83 build/native/contiki-ng-native.a(leds.o)
                0x0000000000010410                leds_init
                0x0000000000010420                leds_single_on
                0x0000000000010430                leds_single_off
                0x0000000000010440                leds_single_toggle
                0x0000000000010450                leds_on
                0x0000000000010460                leds_off
                0x0000000000010470                leds_toggle
                0x0000000000010480                leds_set
                0x0000000000010490                leds_get
 *fill*         0x0000000000010493        0xd 
 .text          0x00000000000104a0       0xf3 build/native/contiki-ng-native.a(nullradio.o)
 *fill*         0x0000000000010593        0xd 
 .text          0x00000000000105a0      0x104 build/native/contiki-ng-native.a(gpio-hal.o)
                0x00000000000105a0                gpio_hal_register_handler
                0x00000000000105b0                gpio_hal_event_handler
                0x0000000000010600                gpio_hal_init
                0x0000000000010620                gpio_hal_arch_port_toggle_pin
                0x0000000000010640                gpio_hal_arch_port_toggle_pins
                0x0000000000010660                gpio_hal_arch_no_port_toggle_pin
                0x0000000000010690                gpio_hal_arch_no_port_toggle_pins
 *fill*         0x00000000000106a4        0xc 
 .text          0x00000000000106b0      0x6e3 build/native/contiki-ng-native.a(nbr-table.o)
                0x0000000000010730                nbr_table_register
                0x0000000000010790                nbr_table_is_registered
                0x00000000000107c0                nbr_table_next
                0x0000000000010860                nbr_table_head
                0x00000000000108e0                nbr_table_add_lladdr
                0x0000000000010bf0                nbr_table_get_from_lladdr
                0x0000000000010c50                nbr_table_remove
                0x0000000000010cd0                nbr_table_lock
                0x0000000000010d10                nbr_table_unlock
                0x0000000000010d50                nbr_table_get_lladdr
 *fill*         0x0000000000010d93        0xd 
 .text          0x0000000000010da0      0x3a0 build/native/contiki-ng-native.a(link-stats.o)
                0x0000000000010de0                link_stats_from_lladdr
                0x0000000000010df0                link_stats_get_lladdr
                0x0000000000010e00                link_stats_is_fresh
                0x0000000000010e40                guess_etx_from_rssi
                0x0000000000010e90                link_stats_packet_sent
                0x0000000000010ff0                link_stats_input_callback
                0x00000000000110c0                link_stats_reset
                0x0000000000011110                link_stats_init
 .text          0x0000000000011140      0x3a1 build/native/contiki-ng-native.a(uipbuf.o)
                0x0000000000011140                uipbuf_clear
                0x0000000000011180                uipbuf_add_ext_hdr
                0x00000000000111d0                uipbuf_set_len
                0x00000000000111f0                uipbuf_set_len_field
                0x0000000000011200                uipbuf_get_len_field
                0x0000000000011210                uipbuf_get_next_header
                0x00000000000112c0                uipbuf_get_last_header
                0x0000000000011340                uipbuf_search_header
                0x0000000000011400                uipbuf_get_attr
                0x0000000000011420                uipbuf_set_attr
                0x0000000000011440                uipbuf_set_default_attr
                0x0000000000011460                uipbuf_clear_attr
                0x0000000000011480                uipbuf_set_attr_flag
                0x0000000000011490                uipbuf_clr_attr_flag
                0x00000000000114a0                uipbuf_is_attr_flag
                0x00000000000114c0                uipbuf_init
 *fill*         0x00000000000114e1        0xf 
 .text          0x00000000000114f0      0x4be build/native/contiki-ng-native.a(uip-icmp6.o)
                0x0000000000011630                uip_icmp6_input
                0x00000000000116a0                uip_icmp6_register_input_handler
                0x00000000000116b0                uip_icmp6_error_output
                0x0000000000011890                uip_icmp6_send
                0x0000000000011940                uip_icmp6_echo_reply_callback_add
                0x0000000000011970                uip_icmp6_echo_reply_callback_rm
                0x0000000000011980                uip_icmp6_init
 *fill*         0x00000000000119ae        0x2 
 .text          0x00000000000119b0      0x5ab build/native/contiki-ng-native.a(uip-sr.o)
                0x0000000000011a10                uip_sr_num_nodes
                0x0000000000011a20                uip_sr_get_node
                0x0000000000011a90                uip_sr_is_addr_reachable
                0x0000000000011b40                uip_sr_expire_parent
                0x0000000000011b90                uip_sr_update_node
                0x0000000000011ca0                uip_sr_init
                0x0000000000011cd0                uip_sr_node_head
                0x0000000000011ce0                uip_sr_node_next
                0x0000000000011cf0                uip_sr_periodic
                0x0000000000011dc0                uip_sr_free_all
                0x0000000000011e20                uip_sr_link_snprint
 *fill*         0x0000000000011f5b        0x5 
 .text          0x0000000000011f60      0x121 build/native/contiki-ng-native.a(uip-packetqueue)
                0x0000000000011f80                uip_packetqueue_new
                0x0000000000011f90                uip_packetqueue_alloc
                0x0000000000011ff0                uip_packetqueue_free
                0x0000000000012030                uip_packetqueue_buf
                0x0000000000012050                uip_packetqueue_buflen
                0x0000000000012070                uip_packetqueue_set_buflen
 *fill*         0x0000000000012081        0xf 
 .text          0x0000000000012090       0xc3 build/native/contiki-ng-native.a(uip-udp-packet.)
                0x0000000000012090                uip_udp_packet_send
                0x00000000000120f0                uip_udp_packet_sendto
 *fill*         0x0000000000012153        0xd 
 .text          0x0000000000012160      0xc18 build/native/contiki-ng-native.a(rpl-icmp6.o)
                0x0000000000012740                rpl_icmp6_update_nbr_table
                0x0000000000012790                rpl_icmp6_dis_output
                0x00000000000127d0                rpl_icmp6_dio_output
                0x0000000000012bf0                rpl_icmp6_dao_output
                0x0000000000012ce0                rpl_icmp6_dao_ack_output
                0x0000000000012d40                rpl_icmp6_init
 *fill*         0x0000000000012d78        0x8 
 .text          0x0000000000012d80      0x913 build/native/contiki-ng-native.a(rpl-neighbor.o)
                0x0000000000012e00                rpl_neighbor_count
                0x0000000000012e40                rpl_neighbor_get_from_lladdr
                0x0000000000012e50                rpl_neighbor_is_acceptable_parent
                0x0000000000012e80                rpl_neighbor_get_link_metric
                0x0000000000012eb0                rpl_neighbor_rank_via_nbr
                0x0000000000012ee0                rpl_neighbor_get_lladdr
                0x0000000000012ef0                rpl_neighbor_get_ipaddr
                0x0000000000012f10                rpl_neighbor_get_link_stats
                0x0000000000013050                rpl_neighbor_snprint
                0x00000000000133b0                rpl_neighbor_print_list
                0x0000000000013440                rpl_neighbor_is_fresh
                0x0000000000013460                rpl_neighbor_is_reachable
                0x00000000000134c0                rpl_neighbor_is_parent
                0x00000000000134e0                rpl_neighbor_set_preferred_parent
                0x0000000000013560                rpl_neighbor_remove_all
                0x00000000000135b0                rpl_neighbor_get_from_ipaddr
                0x00000000000135e0                rpl_neighbor_select_best
                0x0000000000013680                rpl_neighbor_init
 *fill*         0x0000000000013693        0xd 
 .text          0x00000000000136a0      0x927 build/native/contiki-ng-native.a(rpl-timers.o)
                0x0000000000013950                rpl_timers_schedule_periodic_dis
                0x0000000000013a70                rpl_timers_dio_reset
                0x0000000000013ac0                rpl_timers_schedule_unicast_dio
                0x0000000000013af0                rpl_timers_schedule_dao
                0x0000000000013b50                rpl_timers_schedule_dao_ack
                0x0000000000013b90                rpl_timers_notify_dao_ack
                0x0000000000013c10                get_probing_delay
                0x0000000000013c30                get_probing_target
                0x0000000000013df0                rpl_schedule_probing
                0x0000000000013e10                rpl_schedule_probing_now
                0x0000000000013e60                rpl_timers_unschedule_leaving
                0x0000000000013ea0                rpl_timers_schedule_leaving
                0x0000000000013ef0                rpl_timers_init
                0x0000000000013f20                rpl_timers_stop_dag_timers
                0x0000000000013f80                rpl_timers_unschedule_state_update
                0x0000000000013fa0                rpl_timers_schedule_state_update
 *fill*         0x0000000000013fc7        0x9 
 .text          0x0000000000013fd0      0xb0e build/native/contiki-ng-native.a(rpl-ext-header.)
                0x0000000000014040                rpl_ext_header_srh_get_next_hop
                0x00000000000140e0                rpl_ext_header_srh_update
                0x0000000000014330                rpl_ext_header_hbh_update
                0x00000000000143f0                rpl_ext_header_remove
                0x0000000000014560                rpl_ext_header_update
 *fill*         0x0000000000014ade        0x2 
 .text          0x0000000000014ae0      0x12e build/native/contiki-ng-native.a(rpl-nbr-policy.)
                0x0000000000014b80                rpl_nbr_policy_find_removable
 *fill*         0x0000000000014c0e        0x2 
 .text          0x0000000000014c10      0x27d build/native/contiki-ng-native.a(rpl-mrhof.o)
 .text          0x0000000000014e8d        0x0 build/native/contiki-ng-native.a(buttons.o)
 *fill*         0x0000000000014e8d        0x3 
 .text          0x0000000000014e90       0x4c build/native/contiki-ng-native.a(int-master.o)
                0x0000000000014e90                int_master_enable
                0x0000000000014ea0                int_master_read_and_disable
                0x0000000000014ec0                int_master_status_set
                0x0000000000014ed0                int_master_is_enabled
 *fill*         0x0000000000014edc        0x4 
 .text          0x0000000000014ee0      0x1cb build/native/contiki-ng-native.a(gpio-hal-arch.o)
                0x0000000000014ee0                gpio_hal_arch_init
                0x0000000000014ef0                gpio_hal_arch_no_port_interrupt_enable
                0x0000000000014f00                gpio_hal_arch_no_port_interrupt_disable
                0x0000000000014f10                gpio_hal_arch_no_port_pin_cfg_set
                0x0000000000014f30                gpio_hal_arch_no_port_pin_cfg_get
                0x0000000000014f50                gpio_hal_arch_no_port_pin_set_input
                0x0000000000014f60                gpio_hal_arch_no_port_pin_set_output
                0x0000000000014f70                gpio_hal_arch_no_port_set_pin
                0x0000000000014f90                gpio_hal_arch_no_port_clear_pin
                0x0000000000014fb0                gpio_hal_arch_no_port_read_pin
                0x0000000000014fd0                gpio_hal_arch_no_port_write_pin
                0x0000000000014ff0                gpio_hal_arch_no_port_set_pins
                0x0000000000015020                gpio_hal_arch_no_port_clear_pins
                0x0000000000015050                gpio_hal_arch_no_port_read_pins
                0x0000000000015080                gpio_hal_arch_no_port_write_pins
 *fill*         0x00000000000150ab        0x5 
 .text          0x00000000000150b0       0xb1 build/native/contiki-ng-native.a(ringbuf.o)
                0x00000000000150b0                ringbuf_init
                0x00000000000150c0                ringbuf_put
                0x0000000000015100                ringbuf_get
                0x0000000000015140                ringbuf_size
                0x0000000000015150                ringbuf_elements
 *fill*         0x0000000000015161        0xf 
 .text          0x0000000000015170       0x72 /usr/lib/x86_64-linux-gnu/libc_nonshared.a(elf-init.oS)
                0x0000000000015170                __libc_csu_init
                0x00000000000151e0                __libc_csu_fini
 *fill*         0x00000000000151e2        0xe 
 .text          0x00000000000151f0        0xe /usr/lib/x86_64-linux-gnu/libc_nonshared.a(atexit.oS)
                0x00000000000151f0                atexit
 .text          0x00000000000151fe        0x0 /usr/lib/gcc/x86_64-linux-gnu/7/crtendS.o
 .text          0x00000000000151fe        0x0 /usr/lib/gcc/x86_64-linux-gnu/7/../../../x86_64-linux-gnu/crtn.o
 *(.gnu.warning)

.fini           0x0000000000015200        0x9
 *(SORT_NONE(.fini))
 .fini          0x0000000000015200        0x4 /usr/lib/gcc/x86_64-linux-gnu/7/../../../x86_64-linux-gnu/crti.o
                0x0000000000015200                _fini
 .fini          0x0000000000015204        0x5 /usr/lib/gcc/x86_64-linux-gnu/7/../../../x86_64-linux-gnu/crtn.o
                [!provide]                        PROVIDE (__etext = .)
                [!provide]                        PROVIDE (_etext = .)
                [!provide]                        PROVIDE (etext = .)

.rodata         0x0000000000015210      0x691
 *(.rodata .rodata.* .gnu.linkonce.r.*)
 .rodata.cst4   0x0000000000015210        0x4 /usr/lib/gcc/x86_64-linux-gnu/7/../../../x86_64-linux-gnu/Scrt1.o
                0x0000000000015210                _IO_stdin_used
 *fill*         0x0000000000015214        0x4 
 .rodata.str1.8
                0x0000000000015218       0x87 clusterhead.o
 .rodata.str1.1
                0x000000000001529f       0xb6 clusterhead.o
 .rodata.str1.1
                0x0000000000015355       0x66 build/native/contiki-ng-native.a(contiki-main.o)
                                         0x7a (size before relaxing)
 *fill*         0x00000000000153bb        0x5 
 .rodata.str1.8
                0x00000000000153c0       0x7c build/native/contiki-ng-native.a(contiki-main.o)
 .rodata.str1.1
                0x000000000001543c       0xa5 build/native/contiki-ng-native.a(log.o)
                                         0xac (size before relaxing)
 *fill*         0x00000000000154e1        0x3 
 .rodata        0x00000000000154e4       0x14 build/native/contiki-ng-native.a(log.o)
 .rodata.str1.1
                0x00000000000154f8        0xc build/native/contiki-ng-native.a(etimer.o)
 .rodata.str1.1
                0x0000000000015504        0xf build/native/contiki-ng-native.a(ctimer.o)
 *fill*         0x0000000000015513        0x5 
 .rodata        0x0000000000015518        0x8 build/native/contiki-ng-native.a(linkaddr.o)
                0x0000000000015518                linkaddr_null
 .rodata.str1.1
                0x0000000000015520        0x8 build/native/contiki-ng-native.a(nullmac.o)
 .rodata.str1.1
                0x0000000000015528        0xd build/native/contiki-ng-native.a(tcpip.o)
 .rodata.str1.1
                0x0000000000015535       0x13 build/native/contiki-ng-native.a(simple-udp.o)
 .rodata.str1.1
                0x0000000000015548       0x28 build/native/contiki-ng-native.a(uiplib.o)
                                         0x2d (size before relaxing)
 .rodata.str1.1
                0x0000000000015570        0x9 build/native/contiki-ng-native.a(rpl.o)
 .rodata.str1.1
                0x0000000000015579       0xb0 build/native/contiki-ng-native.a(rpl-dag.o)
 .rodata.str1.1
                0x0000000000015629       0x2f build/native/contiki-ng-native.a(platform.o)
                                         0x47 (size before relaxing)
 .rodata        0x0000000000015658        0x8 build/native/contiki-ng-native.a(platform.o)
 .rodata.str1.1
                0x0000000000015660       0xa6 build/native/contiki-ng-native.a(tun6-net.o)
                                         0xb9 (size before relaxing)
 *fill*         0x0000000000015706        0x2 
 .rodata.str1.8
                0x0000000000015708       0xc7 build/native/contiki-ng-native.a(tun6-net.o)
 .rodata.str1.1
                0x00000000000157cf       0x13 build/native/contiki-ng-native.a(button-hal.o)
 .rodata.str1.1
                0x00000000000157e2        0xe build/native/contiki-ng-native.a(serial-line.o)
 .rodata.str1.1
                0x00000000000157f0       0x44 build/native/contiki-ng-native.a(uip-sr.o)
 *fill*         0x0000000000015834        0x4 
 .rodata.str1.8
                0x0000000000015838       0x28 build/native/contiki-ng-native.a(rpl-neighbor.o)
                                         0x22 (size before relaxing)
 .rodata.str1.1
                0x0000000000015860       0x34 build/native/contiki-ng-native.a(rpl-neighbor.o)
                                         0x36 (size before relaxing)
 .rodata.str1.1
                0x0000000000015894        0xc build/native/contiki-ng-native.a(rpl-timers.o)
 .rodata        0x00000000000158a0        0x1 build/native/contiki-ng-native.a(buttons.o)
                0x00000000000158a0                button_hal_button_count

.rodata1
 *(.rodata1)

.eh_frame_hdr   0x00000000000158a4     0x1074
 *(.eh_frame_hdr)
 .eh_frame_hdr  0x00000000000158a4     0x1074 /usr/lib/gcc/x86_64-linux-gnu/7/../../../x86_64-linux-gnu/Scrt1.o
                0x00000000000158a4                __GNU_EH_FRAME_HDR
 *(.eh_frame_entry .eh_frame_entry.*)

.eh_frame       0x0000000000016918     0x3f90
 *(.eh_frame)
 .eh_frame      0x0000000000016918       0x30 /usr/lib/gcc/x86_64-linux-gnu/7/../../../x86_64-linux-gnu/Scrt1.o
                                         0x2c (size before relaxing)
 *fill*         0x0000000000016948        0x0 
 .eh_frame      0x0000000000016948       0x40 /usr/lib/gcc/x86_64-linux-gnu/7/../../../x86_64-linux-gnu/Scrt1.o
 .eh_frame      0x0000000000016988       0x18 /usr/lib/gcc/x86_64-linux-gnu/7/../../../x86_64-linux-gnu/Scrt1.o
                                         0x30 (size before relaxing)
 .eh_frame      0x00000000000169a0       0xf8 clusterhead.o
                                        0x110 (size before relaxing)
 .eh_frame      0x0000000000016a98       0x20 build/native/contiki-ng-native.a(contiki-main.o)
                                         0x38 (size before relaxing)
 .eh_frame      0x0000000000016ab8       0x38 build/native/contiki-ng-native.a(autostart.o)
                                         0x50 (size before relaxing)
 .eh_frame      0x0000000000016af0      0x170 build/native/contiki-ng-native.a(log.o)
                                        0x188 (size before relaxing)
 .eh_frame      0x0000000000016c60       0x40 build/native/contiki-ng-native.a(energest.o)
                                         0x58 (size before relaxing)
 .eh_frame      0x0000000000016ca0      0x1b0 build/native/contiki-ng-native.a(etimer.o)
                                        0x1c8 (size before relaxing)
 .eh_frame      0x0000000000016e50       0x18 build/native/contiki-ng-native.a(node-id.o)
                                         0x30 (size before relaxing)
 .eh_frame      0x0000000000016e68      0x118 build/native/contiki-ng-native.a(ctimer.o)
                                        0x130 (size before relaxing)
 .eh_frame      0x0000000000016f80       0x50 build/native/contiki-ng-native.a(rtimer.o)
                                         0x68 (size before relaxing)
 .eh_frame      0x0000000000016fd0      0x188 build/native/contiki-ng-native.a(process.o)
                                        0x1a0 (size before relaxing)
 .eh_frame      0x0000000000017158       0x90 build/native/contiki-ng-native.a(timer.o)
                                         0xa8 (size before relaxing)
 .eh_frame      0x00000000000171e8      0x108 build/native/contiki-ng-native.a(list.o)
                                        0x120 (size before relaxing)
 .eh_frame      0x00000000000172f0       0x30 build/native/contiki-ng-native.a(random.o)
                                         0x48 (size before relaxing)
 .eh_frame      0x0000000000017320      0x138 build/native/contiki-ng-native.a(queuebuf.o)
                                        0x150 (size before relaxing)
 .eh_frame      0x0000000000017458      0x1c0 build/native/contiki-ng-native.a(packetbuf.o)
                                        0x1d8 (size before relaxing)
 .eh_frame      0x0000000000017618       0x78 build/native/contiki-ng-native.a(netstack.o)
                                         0x90 (size before relaxing)
 .eh_frame      0x0000000000017690       0x40 build/native/contiki-ng-native.a(linkaddr.o)
                                         0x58 (size before relaxing)
 .eh_frame      0x00000000000176d0       0x78 build/native/contiki-ng-native.a(nullmac.o)
                                         0x90 (size before relaxing)
 .eh_frame      0x0000000000017748      0x3b8 build/native/contiki-ng-native.a(uip-ds6.o)
                                        0x3d0 (size before relaxing)
 .eh_frame      0x0000000000017b00      0x1b0 build/native/contiki-ng-native.a(uip-ds6-route.o)
                                        0x1c8 (size before relaxing)
 .eh_frame      0x0000000000017cb0      0x248 build/native/contiki-ng-native.a(uip-ds6-nbr.o)
                                        0x260 (size before relaxing)
 .eh_frame      0x0000000000017ef8      0x160 build/native/contiki-ng-native.a(tcpip.o)
                                        0x178 (size before relaxing)
 .eh_frame      0x0000000000018058      0x198 build/native/contiki-ng-native.a(uip6.o)
                                        0x1b0 (size before relaxing)
 .eh_frame      0x00000000000181f0      0x110 build/native/contiki-ng-native.a(uip-nd6.o)
                                        0x128 (size before relaxing)
 .eh_frame      0x0000000000018300       0xf0 build/native/contiki-ng-native.a(simple-udp.o)
                                        0x108 (size before relaxing)
 .eh_frame      0x00000000000183f0       0xc8 build/native/contiki-ng-native.a(uiplib.o)
                                         0xe0 (size before relaxing)
 .eh_frame      0x00000000000184b8      0x1b0 build/native/contiki-ng-native.a(rpl.o)
                                        0x1c8 (size before relaxing)
 .eh_frame      0x0000000000018668      0x348 build/native/contiki-ng-native.a(rpl-dag.o)
                                        0x360 (size before relaxing)
 .eh_frame      0x00000000000189b0       0xa8 build/native/contiki-ng-native.a(rpl-dag-root.o)
                                         0xc0 (size before relaxing)
 .eh_frame      0x0000000000018a58      0x128 build/native/contiki-ng-native.a(platform.o)
                                        0x140 (size before relaxing)
 .eh_frame      0x0000000000018b80       0x60 build/native/contiki-ng-native.a(clock.o)
                                         0x78 (size before relaxing)
 .eh_frame      0x0000000000018be0      0x100 build/native/contiki-ng-native.a(tun6-net.o)
                                        0x118 (size before relaxing)
 .eh_frame      0x0000000000018ce0       0x50 build/native/contiki-ng-native.a(rtimer-arch.o)
                                         0x68 (size before relaxing)
 .eh_frame      0x0000000000018d30       0x68 build/native/contiki-ng-native.a(watchdog.o)
                                         0x80 (size before relaxing)
 .eh_frame      0x0000000000018d98       0xa8 build/native/contiki-ng-native.a(stimer.o)
                                         0xc0 (size before relaxing)
 .eh_frame      0x0000000000018e40       0x70 build/native/contiki-ng-native.a(memb.o)
                                         0x88 (size before relaxing)
 .eh_frame      0x0000000000018eb0      0x138 build/native/contiki-ng-native.a(button-hal.o)
                                        0x150 (size before relaxing)
 .eh_frame      0x0000000000018fe8       0x80 build/native/contiki-ng-native.a(serial-line.o)
                                         0x98 (size before relaxing)
 .eh_frame      0x0000000000019068       0xb8 build/native/contiki-ng-native.a(leds.o)
                                         0xd0 (size before relaxing)
 .eh_frame      0x0000000000019120      0x118 build/native/contiki-ng-native.a(nullradio.o)
                                        0x130 (size before relaxing)
 .eh_frame      0x0000000000019238       0xc8 build/native/contiki-ng-native.a(gpio-hal.o)
                                         0xe0 (size before relaxing)
 .eh_frame      0x0000000000019300      0x180 build/native/contiki-ng-native.a(nbr-table.o)
                                        0x198 (size before relaxing)
 .eh_frame      0x0000000000019480      0x130 build/native/contiki-ng-native.a(link-stats.o)
                                        0x148 (size before relaxing)
 .eh_frame      0x00000000000195b0      0x150 build/native/contiki-ng-native.a(uipbuf.o)
                                        0x168 (size before relaxing)
 .eh_frame      0x0000000000019700      0x188 build/native/contiki-ng-native.a(uip-icmp6.o)
                                        0x1a0 (size before relaxing)
 .eh_frame      0x0000000000019888      0x210 build/native/contiki-ng-native.a(uip-sr.o)
                                        0x228 (size before relaxing)
 .eh_frame      0x0000000000019a98       0xb8 build/native/contiki-ng-native.a(uip-packetqueue)
                                         0xd0 (size before relaxing)
 .eh_frame      0x0000000000019b50       0x48 build/native/contiki-ng-native.a(uip-udp-packet.)
                                         0x60 (size before relaxing)
 .eh_frame      0x0000000000019b98      0x1f0 build/native/contiki-ng-native.a(rpl-icmp6.o)
                                        0x208 (size before relaxing)
 .eh_frame      0x0000000000019d88      0x2a8 build/native/contiki-ng-native.a(rpl-neighbor.o)
                                        0x2c0 (size before relaxing)
 .eh_frame      0x000000000001a030      0x338 build/native/contiki-ng-native.a(rpl-timers.o)
                                        0x350 (size before relaxing)
 .eh_frame      0x000000000001a368      0x140 build/native/contiki-ng-native.a(rpl-ext-header.)
                                        0x158 (size before relaxing)
 .eh_frame      0x000000000001a4a8       0x50 build/native/contiki-ng-native.a(rpl-nbr-policy.)
                                         0x68 (size before relaxing)
 .eh_frame      0x000000000001a4f8      0x150 build/native/contiki-ng-native.a(rpl-mrhof.o)
                                        0x168 (size before relaxing)
 .eh_frame      0x000000000001a648       0x50 build/native/contiki-ng-native.a(int-master.o)
                                         0x68 (size before relaxing)
 .eh_frame      0x000000000001a698      0x130 build/native/contiki-ng-native.a(gpio-hal-arch.o)
                                        0x148 (size before relaxing)
 .eh_frame      0x000000000001a7c8       0x68 build/native/contiki-ng-native.a(ringbuf.o)
                                         0x80 (size before relaxing)
 .eh_frame      0x000000000001a830       0x60 /usr/lib/x86_64-linux-gnu/libc_nonshared.a(elf-init.oS)
                                         0x78 (size before relaxing)
 .eh_frame      0x000000000001a890       0x14 /usr/lib/x86_64-linux-gnu/libc_nonshared.a(atexit.oS)
                                         0x30 (size before relaxing)
 .eh_frame      0x000000000001a8a4        0x4 /usr/lib/gcc/x86_64-linux-gnu/7/crtendS.o
 *(.eh_frame.*)

.gcc_except_table
 *(.gcc_except_table .gcc_except_table.*)

.gnu_extab
 *(.gnu_extab*)

.exception_ranges
 *(.exception_ranges .exception_ranges*)
                0x000000000021aa90                . = DATA_SEGMENT_ALIGN (CONSTANT (MAXPAGESIZE), CONSTANT (COMMONPAGESIZE))

.eh_frame
 *(.eh_frame)
 *(.eh_frame.*)

.gnu_extab
 *(.gnu_extab)

.gcc_except_table
 *(.gcc_except_table .gcc_except_table.*)

.exception_ranges
 *(.exception_ranges .exception_ranges*)

.tdata
 *(.tdata .tdata.* .gnu.linkonce.td.*)

.tbss
 *(.tbss .tbss.* .gnu.linkonce.tb.*)
 *(.tcommon)

.preinit_array  0x000000000021aa90        0x0
                [!provide]                        PROVIDE (__preinit_array_start = .)
 *(.preinit_array)
                [!provide]                        PROVIDE (__preinit_array_end = .)

.init_array     0x000000000021aa90        0x8
                0x000000000021aa90                PROVIDE (__init_array_start = .)
 *(SORT_BY_INIT_PRIORITY(.init_array.*) SORT_BY_INIT_PRIORITY(.ctors.*))
 *(.init_array EXCLUDE_FILE(*crtend?.o *crtend.o *crtbegin?.o *crtbegin.o) .ctors)
 .init_array    0x000000000021aa90        0x8 /usr/lib/gcc/x86_64-linux-gnu/7/crtbeginS.o
                0x000000000021aa98                PROVIDE (__init_array_end = .)

.fini_array     0x000000000021aa98        0x8
                [!provide]                        PROVIDE (__fini_array_start = .)
 *(SORT_BY_INIT_PRIORITY(.fini_array.*) SORT_BY_INIT_PRIORITY(.dtors.*))
 *(.fini_array EXCLUDE_FILE(*crtend?.o *crtend.o *crtbegin?.o *crtbegin.o) .dtors)
 .fini_array    0x000000000021aa98        0x8 /usr/lib/gcc/x86_64-linux-gnu/7/crtbeginS.o
                [!provide]                        PROVIDE (__fini_array_end = .)

.ctors
 *crtbegin.o(.ctors)
 *crtbegin?.o(.ctors)
 *(EXCLUDE_FILE(*crtend?.o *crtend.o) .ctors)
 *(SORT_BY_NAME(.ctors.*))
 *(.ctors)

.dtors
 *crtbegin.o(.dtors)
 *crtbegin?.o(.dtors)
 *(EXCLUDE_FILE(*crtend?.o *crtend.o) .dtors)
 *(SORT_BY_NAME(.dtors.*))
 *(.dtors)

.jcr
 *(.jcr)

.data.rel.ro    0x000000000021aaa0      0x1e8
 *(.data.rel.ro.local* .gnu.linkonce.d.rel.ro.local.*)
 .data.rel.ro.local
                0x000000000021aaa0       0x10 clusterhead.o
                0x000000000021aaa0                autostart_processes
 *fill*         0x000000000021aab0       0x10 
 .data.rel.ro.local
                0x000000000021aac0       0x38 build/native/contiki-ng-native.a(nullmac.o)
                0x000000000021aac0                nullmac_driver
 *fill*         0x000000000021aaf8        0x8 
 .data.rel.ro.local
                0x000000000021ab00       0x10 build/native/contiki-ng-native.a(platform.o)
 *fill*         0x000000000021ab10       0x10 
 .data.rel.ro.local
                0x000000000021ab20       0x30 build/native/contiki-ng-native.a(tun6-net.o)
                0x000000000021ab20                tun6_net_driver
 *fill*         0x000000000021ab50       0x10 
 .data.rel.ro.local
                0x000000000021ab60       0x70 build/native/contiki-ng-native.a(nullradio.o)
                0x000000000021ab60                nullradio_driver
 *(.data.rel.ro .data.rel.ro.* .gnu.linkonce.d.rel.ro.*)
 .data.rel.ro   0x000000000021abd0        0x0 /usr/lib/gcc/x86_64-linux-gnu/7/../../../x86_64-linux-gnu/Scrt1.o
 *fill*         0x000000000021abd0       0x10 
 .data.rel.ro   0x000000000021abe0       0xa8 build/native/contiki-ng-native.a(rpl.o)
                0x000000000021abe0                rpl_lite_driver

.dynamic        0x000000000021ac88      0x200
 *(.dynamic)
 .dynamic       0x000000000021ac88      0x200 /usr/lib/gcc/x86_64-linux-gnu/7/../../../x86_64-linux-gnu/Scrt1.o
                0x000000000021ac88                _DYNAMIC

.got            0x000000000021ae88      0x168
 *(.got.plt)
 .got.plt       0x000000000021ae88      0x140 /usr/lib/gcc/x86_64-linux-gnu/7/../../../x86_64-linux-gnu/Scrt1.o
                0x000000000021ae88                _GLOBAL_OFFSET_TABLE_
 *(.igot.plt)
 *(.got)
 .got           0x000000000021afc8       0x28 /usr/lib/gcc/x86_64-linux-gnu/7/../../../x86_64-linux-gnu/Scrt1.o
 *(.igot)
                0x000000000021b000                . = DATA_SEGMENT_RELRO_END (., 0x0)

.data           0x000000000021b000      0x588
 *(.data .data.* .gnu.linkonce.d.*)
 .data          0x000000000021b000        0x4 /usr/lib/gcc/x86_64-linux-gnu/7/../../../x86_64-linux-gnu/Scrt1.o
                0x000000000021b000                data_start
                0x000000000021b000                __data_start
 .data          0x000000000021b004        0x0 /usr/lib/gcc/x86_64-linux-gnu/7/../../../x86_64-linux-gnu/crti.o
 .data          0x000000000021b004        0x0 /usr/lib/gcc/x86_64-linux-gnu/7/crtbeginS.o
 *fill*         0x000000000021b004        0x4 
 .data.rel.local
                0x000000000021b008        0x8 /usr/lib/gcc/x86_64-linux-gnu/7/crtbeginS.o
                0x000000000021b008                __dso_handle
 .data          0x000000000021b010        0x0 clusterhead.o
 *fill*         0x000000000021b010       0x10 
 .data.rel.local
                0x000000000021b020       0x60 clusterhead.o
                0x000000000021b020                routing_process
                0x000000000021b040                receive_data
                0x000000000021b060                udp_process
 .data          0x000000000021b080        0x0 build/native/contiki-ng-native.a(contiki-main.o)
 .data          0x000000000021b080        0x0 build/native/contiki-ng-native.a(autostart.o)
 .data          0x000000000021b080        0x4 build/native/contiki-ng-native.a(log.o)
                0x000000000021b080                curr_log_level_main
 *fill*         0x000000000021b084       0x1c 
 .data.rel.local
                0x000000000021b0a0      0x138 build/native/contiki-ng-native.a(log.o)
                0x000000000021b0a0                all_modules
 .data          0x000000000021b1d8        0x0 build/native/contiki-ng-native.a(energest.o)
 .data          0x000000000021b1d8        0x0 build/native/contiki-ng-native.a(etimer.o)
 *fill*         0x000000000021b1d8        0x8 
 .data.rel.local
                0x000000000021b1e0       0x20 build/native/contiki-ng-native.a(etimer.o)
                0x000000000021b1e0                etimer_process
 .data          0x000000000021b200        0x0 build/native/contiki-ng-native.a(node-id.o)
 .data          0x000000000021b200        0x0 build/native/contiki-ng-native.a(ctimer.o)
 .data.rel.local
                0x000000000021b200       0x20 build/native/contiki-ng-native.a(ctimer.o)
                0x000000000021b200                ctimer_process
 .data          0x000000000021b220        0x0 build/native/contiki-ng-native.a(rtimer.o)
 .data          0x000000000021b220        0x0 build/native/contiki-ng-native.a(process.o)
 .data          0x000000000021b220        0x0 build/native/contiki-ng-native.a(timer.o)
 .data          0x000000000021b220        0x0 build/native/contiki-ng-native.a(list.o)
 .data          0x000000000021b220        0x0 build/native/contiki-ng-native.a(random.o)
 .data          0x000000000021b220        0x0 build/native/contiki-ng-native.a(queuebuf.o)
 .data.rel.local
                0x000000000021b220       0x38 build/native/contiki-ng-native.a(queuebuf.o)
 .data          0x000000000021b258        0x0 build/native/contiki-ng-native.a(packetbuf.o)
 .data          0x000000000021b258        0x0 build/native/contiki-ng-native.a(netstack.o)
 .data          0x000000000021b258        0x0 build/native/contiki-ng-native.a(linkaddr.o)
 .data          0x000000000021b258        0x0 build/native/contiki-ng-native.a(nullmac.o)
 .data          0x000000000021b258        0x0 build/native/contiki-ng-native.a(uip-ds6.o)
 .data          0x000000000021b258        0x0 build/native/contiki-ng-native.a(uip-ds6-route.o)
 *fill*         0x000000000021b258        0x8 
 .data.rel.local
                0x000000000021b260       0x18 build/native/contiki-ng-native.a(uip-ds6-route.o)
 .data          0x000000000021b278        0x0 build/native/contiki-ng-native.a(uip-ds6-nbr.o)
 *fill*         0x000000000021b278        0x8 
 .data.rel.local
                0x000000000021b280       0x18 build/native/contiki-ng-native.a(uip-ds6-nbr.o)
 .data          0x000000000021b298        0x0 build/native/contiki-ng-native.a(tcpip.o)
 *fill*         0x000000000021b298        0x8 
 .data.rel.local
                0x000000000021b2a0       0x20 build/native/contiki-ng-native.a(tcpip.o)
                0x000000000021b2a0                tcpip_process
 .data          0x000000000021b2c0        0x0 build/native/contiki-ng-native.a(uip6.o)
 .data          0x000000000021b2c0        0x0 build/native/contiki-ng-native.a(uip-nd6.o)
 .data.rel.local
                0x000000000021b2c0       0x38 build/native/contiki-ng-native.a(uip-nd6.o)
 .data          0x000000000021b2f8        0x0 build/native/contiki-ng-native.a(simple-udp.o)
 *fill*         0x000000000021b2f8        0x8 
 .data.rel.local
                0x000000000021b300       0x20 build/native/contiki-ng-native.a(simple-udp.o)
                0x000000000021b300                simple_udp_process
 .data          0x000000000021b320        0x0 build/native/contiki-ng-native.a(uiplib.o)
 .data          0x000000000021b320        0x0 build/native/contiki-ng-native.a(rpl.o)
 .data          0x000000000021b320        0x0 build/native/contiki-ng-native.a(rpl-dag.o)
 .data          0x000000000021b320        0x0 build/native/contiki-ng-native.a(rpl-dag-root.o)
 .data          0x000000000021b320        0x0 build/native/contiki-ng-native.a(platform.o)
 .data          0x000000000021b320        0x0 build/native/contiki-ng-native.a(clock.o)
 .data          0x000000000021b320       0x60 build/native/contiki-ng-native.a(tun6-net.o)
 .data          0x000000000021b380        0x0 build/native/contiki-ng-native.a(rtimer-arch.o)
 .data          0x000000000021b380        0x0 build/native/contiki-ng-native.a(watchdog.o)
 .data          0x000000000021b380        0x0 build/native/contiki-ng-native.a(stimer.o)
 .data          0x000000000021b380        0x0 build/native/contiki-ng-native.a(memb.o)
 .data          0x000000000021b380        0x0 build/native/contiki-ng-native.a(button-hal.o)
 .data.rel.local
                0x000000000021b380       0x20 build/native/contiki-ng-native.a(button-hal.o)
                0x000000000021b380                button_hal_process
 .data          0x000000000021b3a0        0x0 build/native/contiki-ng-native.a(serial-line.o)
 .data.rel.local
                0x000000000021b3a0       0x20 build/native/contiki-ng-native.a(serial-line.o)
                0x000000000021b3a0                serial_line_process
 .data          0x000000000021b3c0        0x0 build/native/contiki-ng-native.a(leds.o)
 .data          0x000000000021b3c0        0x0 build/native/contiki-ng-native.a(nullradio.o)
 .data          0x000000000021b3c0        0x0 build/native/contiki-ng-native.a(gpio-hal.o)
 .data          0x000000000021b3c0        0x0 build/native/contiki-ng-native.a(nbr-table.o)
 .data.rel.local
                0x000000000021b3c0       0x18 build/native/contiki-ng-native.a(nbr-table.o)
 .data          0x000000000021b3d8        0x0 build/native/contiki-ng-native.a(link-stats.o)
 *fill*         0x000000000021b3d8        0x8 
 .data.rel.local
                0x000000000021b3e0       0x18 build/native/contiki-ng-native.a(link-stats.o)
 .data          0x000000000021b3f8        0x0 build/native/contiki-ng-native.a(uipbuf.o)
 .data          0x000000000021b3f8        0x0 build/native/contiki-ng-native.a(uip-icmp6.o)
 *fill*         0x000000000021b3f8        0x8 
 .data.rel.local
                0x000000000021b400       0x38 build/native/contiki-ng-native.a(uip-icmp6.o)
 .data          0x000000000021b438        0x0 build/native/contiki-ng-native.a(uip-sr.o)
 *fill*         0x000000000021b438        0x8 
 .data.rel.local
                0x000000000021b440       0x18 build/native/contiki-ng-native.a(uip-sr.o)
 .data          0x000000000021b458        0x0 build/native/contiki-ng-native.a(uip-packetqueue)
 *fill*         0x000000000021b458        0x8 
 .data.rel.local
                0x000000000021b460       0x18 build/native/contiki-ng-native.a(uip-packetqueue)
 .data          0x000000000021b478        0x0 build/native/contiki-ng-native.a(uip-udp-packet.)
 .data          0x000000000021b478        0x0 build/native/contiki-ng-native.a(rpl-icmp6.o)
 *fill*         0x000000000021b478        0x8 
 .data.rel.local
                0x000000000021b480       0x78 build/native/contiki-ng-native.a(rpl-icmp6.o)
 .data          0x000000000021b4f8        0x0 build/native/contiki-ng-native.a(rpl-neighbor.o)
 *fill*         0x000000000021b4f8        0x8 
 .data.rel.local
                0x000000000021b500       0x28 build/native/contiki-ng-native.a(rpl-neighbor.o)
                0x000000000021b500                rpl_neighbors
 .data          0x000000000021b528        0x0 build/native/contiki-ng-native.a(rpl-timers.o)
 .data          0x000000000021b528        0x0 build/native/contiki-ng-native.a(rpl-ext-header.)
 .data          0x000000000021b528        0x0 build/native/contiki-ng-native.a(rpl-nbr-policy.)
 .data          0x000000000021b528        0x0 build/native/contiki-ng-native.a(rpl-mrhof.o)
 *fill*         0x000000000021b528       0x18 
 .data.rel.local
                0x000000000021b540       0x48 build/native/contiki-ng-native.a(rpl-mrhof.o)
                0x000000000021b540                rpl_mrhof
 .data          0x000000000021b588        0x0 build/native/contiki-ng-native.a(buttons.o)
 .data          0x000000000021b588        0x0 build/native/contiki-ng-native.a(int-master.o)
 .data          0x000000000021b588        0x0 build/native/contiki-ng-native.a(gpio-hal-arch.o)
 .data          0x000000000021b588        0x0 build/native/contiki-ng-native.a(ringbuf.o)
 .data          0x000000000021b588        0x0 /usr/lib/x86_64-linux-gnu/libc_nonshared.a(elf-init.oS)
 .data          0x000000000021b588        0x0 /usr/lib/x86_64-linux-gnu/libc_nonshared.a(atexit.oS)
 .data          0x000000000021b588        0x0 /usr/lib/gcc/x86_64-linux-gnu/7/crtendS.o
 .data          0x000000000021b588        0x0 /usr/lib/gcc/x86_64-linux-gnu/7/../../../x86_64-linux-gnu/crtn.o

.tm_clone_table
                0x000000000021b588        0x0
 .tm_clone_table
                0x000000000021b588        0x0 /usr/lib/gcc/x86_64-linux-gnu/7/crtbeginS.o
 .tm_clone_table
                0x000000000021b588        0x0 /usr/lib/gcc/x86_64-linux-gnu/7/crtendS.o

.data1
 *(.data1)
                0x000000000021b588                _edata = .
                [!provide]                        PROVIDE (edata = .)
                0x000000000021b588                . = .
                0x000000000021b588                __bss_start = .

.bss            0x000000000021b5a0    0x115c0
 *(.dynbss)
 .dynbss        0x000000000021b5a0       0x28 /usr/lib/gcc/x86_64-linux-gnu/7/../../../x86_64-linux-gnu/Scrt1.o
                0x000000000021b5a0                stdout@@GLIBC_2.2.5
                0x000000000021b5c0                stderr@@GLIBC_2.2.5
 *(.bss .bss.* .gnu.linkonce.b.*)
 .bss           0x000000000021b5c8        0x0 /usr/lib/gcc/x86_64-linux-gnu/7/../../../x86_64-linux-gnu/Scrt1.o
 .bss           0x000000000021b5c8        0x0 /usr/lib/gcc/x86_64-linux-gnu/7/../../../x86_64-linux-gnu/crti.o
 .bss           0x000000000021b5c8        0x1 /usr/lib/gcc/x86_64-linux-gnu/7/crtbeginS.o
 *fill*         0x000000000021b5c9       0x17 
 .bss           0x000000000021b5e0      0x1b8 clusterhead.o
                0x000000000021b5e0                k
 .bss           0x000000000021b798        0x0 build/native/contiki-ng-native.a(contiki-main.o)
 .bss           0x000000000021b798        0x0 build/native/contiki-ng-native.a(autostart.o)
 .bss           0x000000000021b798       0x2c build/native/contiki-ng-native.a(log.o)
                0x000000000021b798                curr_log_level_lwm2m
                0x000000000021b79c                curr_log_level_snmp
                0x000000000021b7a0                curr_log_level_coap
                0x000000000021b7a4                curr_log_level_6top
                0x000000000021b7a8                curr_log_level_framer
                0x000000000021b7ac                curr_log_level_mac
                0x000000000021b7b0                curr_log_level_nullnet
                0x000000000021b7b4                curr_log_level_6lowpan
                0x000000000021b7b8                curr_log_level_ipv6
                0x000000000021b7bc                curr_log_level_tcpip
                0x000000000021b7c0                curr_log_level_rpl
 .bss           0x000000000021b7c4        0x0 build/native/contiki-ng-native.a(energest.o)
 *fill*         0x000000000021b7c4        0x4 
 .bss           0x000000000021b7c8       0x10 build/native/contiki-ng-native.a(etimer.o)
 .bss           0x000000000021b7d8        0x2 build/native/contiki-ng-native.a(node-id.o)
                0x000000000021b7d8                node_id
 *fill*         0x000000000021b7da        0x6 
 .bss           0x000000000021b7e0       0x10 build/native/contiki-ng-native.a(ctimer.o)
 .bss           0x000000000021b7f0        0x8 build/native/contiki-ng-native.a(rtimer.o)
 *fill*         0x000000000021b7f8        0x8 
 .bss           0x000000000021b800      0x323 build/native/contiki-ng-native.a(process.o)
                0x000000000021b800                process_current
                0x000000000021b808                process_list
 .bss           0x000000000021bb23        0x0 build/native/contiki-ng-native.a(timer.o)
 .bss           0x000000000021bb23        0x0 build/native/contiki-ng-native.a(list.o)
 .bss           0x000000000021bb23        0x0 build/native/contiki-ng-native.a(random.o)
 *fill*         0x000000000021bb23       0x1d 
 .bss           0x000000000021bb40     0x2d80 build/native/contiki-ng-native.a(queuebuf.o)
 .bss           0x000000000021e8c0       0x86 build/native/contiki-ng-native.a(packetbuf.o)
 *fill*         0x000000000021e946        0x2 
 .bss           0x000000000021e948        0x8 build/native/contiki-ng-native.a(netstack.o)
 .bss           0x000000000021e950        0x0 build/native/contiki-ng-native.a(linkaddr.o)
 .bss           0x000000000021e950        0x0 build/native/contiki-ng-native.a(nullmac.o)
 .bss           0x000000000021e950       0x40 build/native/contiki-ng-native.a(uip-ds6.o)
 *fill*         0x000000000021e990       0x10 
 .bss           0x000000000021e9a0       0x70 build/native/contiki-ng-native.a(uip-ds6-route.o)
 *fill*         0x000000000021ea10       0x10 
 .bss           0x000000000021ea20     0x5460 build/native/contiki-ng-native.a(uip-ds6-nbr.o)
 .bss           0x0000000000223e80       0x20 build/native/contiki-ng-native.a(tcpip.o)
 .bss           0x0000000000223ea0        0x8 build/native/contiki-ng-native.a(uip6.o)
                0x0000000000223ea0                uip_last_proto
                0x0000000000223ea2                uip_ext_len
                0x0000000000223ea4                uip_ext_bitmap
 .bss           0x0000000000223ea8       0x19 build/native/contiki-ng-native.a(uip-nd6.o)
 *fill*         0x0000000000223ec1       0x1f 
 .bss           0x0000000000223ee0      0x501 build/native/contiki-ng-native.a(simple-udp.o)
 .bss           0x00000000002243e1        0x0 build/native/contiki-ng-native.a(uiplib.o)
 .bss           0x00000000002243e1        0x1 build/native/contiki-ng-native.a(rpl.o)
 .bss           0x00000000002243e2        0x0 build/native/contiki-ng-native.a(rpl-dag.o)
 *fill*         0x00000000002243e2        0xe 
 .bss           0x00000000002243f0       0x11 build/native/contiki-ng-native.a(rpl-dag-root.o)
 *fill*         0x0000000000224401       0x1f 
 .bss           0x0000000000224420       0x60 build/native/contiki-ng-native.a(platform.o)
                0x0000000000224420                contiki_argc
 .bss           0x0000000000224480        0x0 build/native/contiki-ng-native.a(clock.o)
 .bss           0x0000000000224480        0x0 build/native/contiki-ng-native.a(tun6-net.o)
 .bss           0x0000000000224480        0x0 build/native/contiki-ng-native.a(rtimer-arch.o)
 .bss           0x0000000000224480        0x0 build/native/contiki-ng-native.a(watchdog.o)
 .bss           0x0000000000224480        0x0 build/native/contiki-ng-native.a(stimer.o)
 .bss           0x0000000000224480        0x0 build/native/contiki-ng-native.a(memb.o)
 .bss           0x0000000000224480       0x1c build/native/contiki-ng-native.a(button-hal.o)
 *fill*         0x000000000022449c        0x4 
 .bss           0x00000000002244a0      0x150 build/native/contiki-ng-native.a(serial-line.o)
 .bss           0x00000000002245f0        0x0 build/native/contiki-ng-native.a(leds.o)
 .bss           0x00000000002245f0        0x0 build/native/contiki-ng-native.a(nullradio.o)
 .bss           0x00000000002245f0        0x8 build/native/contiki-ng-native.a(gpio-hal.o)
 *fill*         0x00000000002245f8        0x8 
 .bss           0x0000000000224600     0x16cc build/native/contiki-ng-native.a(nbr-table.o)
 *fill*         0x0000000000225ccc       0x14 
 .bss           0x0000000000225ce0     0x12c0 build/native/contiki-ng-native.a(link-stats.o)
 .bss           0x0000000000226fa0       0x1c build/native/contiki-ng-native.a(uipbuf.o)
 *fill*         0x0000000000226fbc        0x4 
 .bss           0x0000000000226fc0       0x20 build/native/contiki-ng-native.a(uip-icmp6.o)
 .bss           0x0000000000226fe0     0x301c build/native/contiki-ng-native.a(uip-sr.o)
 *fill*         0x0000000000229ffc        0x4 
 .bss           0x000000000022a000      0xab2 build/native/contiki-ng-native.a(uip-packetqueue)
 .bss           0x000000000022aab2        0x0 build/native/contiki-ng-native.a(uip-udp-packet.)
 .bss           0x000000000022aab2        0x0 build/native/contiki-ng-native.a(rpl-icmp6.o)
 *fill*         0x000000000022aab2        0xe 
 .bss           0x000000000022aac0     0x12c0 build/native/contiki-ng-native.a(rpl-neighbor.o)
 .bss           0x000000000022bd80       0x80 build/native/contiki-ng-native.a(rpl-timers.o)
 .bss           0x000000000022be00        0x0 build/native/contiki-ng-native.a(rpl-ext-header.)
 .bss           0x000000000022be00       0x14 build/native/contiki-ng-native.a(rpl-nbr-policy.)
 .bss           0x000000000022be14        0x0 build/native/contiki-ng-native.a(rpl-mrhof.o)
 *fill*         0x000000000022be14        0x4 
 .bss           0x000000000022be18        0x8 build/native/contiki-ng-native.a(buttons.o)
                0x000000000022be18                button_hal_buttons
 .bss           0x000000000022be20        0x4 build/native/contiki-ng-native.a(int-master.o)
 *fill*         0x000000000022be24       0x1c 
 .bss           0x000000000022be40       0xa0 build/native/contiki-ng-native.a(gpio-hal-arch.o)
 .bss           0x000000000022bee0        0x0 build/native/contiki-ng-native.a(ringbuf.o)
 .bss           0x000000000022bee0        0x0 /usr/lib/x86_64-linux-gnu/libc_nonshared.a(elf-init.oS)
 .bss           0x000000000022bee0        0x0 /usr/lib/x86_64-linux-gnu/libc_nonshared.a(atexit.oS)
 .bss           0x000000000022bee0        0x0 /usr/lib/gcc/x86_64-linux-gnu/7/crtendS.o
 .bss           0x000000000022bee0        0x0 /usr/lib/gcc/x86_64-linux-gnu/7/../../../x86_64-linux-gnu/crtn.o
 *(COMMON)
 COMMON         0x000000000022bee0       0xf0 build/native/contiki-ng-native.a(contiki-main.o)
                0x000000000022bee0                eb_per_time_source
                0x000000000022bf20                unicast_per_neighbor_rpl_storing
                0x000000000022bf60                unicast_per_neighbor_rpl_ns
                0x000000000022bfa0                default_common
 COMMON         0x000000000022bfd0       0x30 build/native/contiki-ng-native.a(packetbuf.o)
                0x000000000022bfd0                packetbuf_attrs
                0x000000000022bff0                packetbuf_addrs
 COMMON         0x000000000022c000        0x8 build/native/contiki-ng-native.a(linkaddr.o)
                0x000000000022c000                linkaddr_node_addr
 *fill*         0x000000000022c008       0x18 
 COMMON         0x000000000022c020      0x1c1 build/native/contiki-ng-native.a(uip-ds6.o)
                0x000000000022c020                uip_ds6_prefix_list
                0x000000000022c080                uip_ds6_timer_periodic
                0x000000000022c0a0                uip_ds6_netif_addr_list_offset
                0x000000000022c0c0                uip_ds6_if
                0x000000000022c1d0                uip_ds6_timer_ra
                0x000000000022c1e0                uip_ds6_addr_size
 COMMON         0x000000000022c1e1        0x1 build/native/contiki-ng-native.a(tcpip.o)
                0x000000000022c1e1                tcpip_event
 *fill*         0x000000000022c1e2       0x1e 
 COMMON         0x000000000022c200      0x690 build/native/contiki-ng-native.a(uip6.o)
                0x000000000022c200                uip_slen
                0x000000000022c208                uip_lladdr
                0x000000000022c210                uip_appdata
                0x000000000022c218                uip_flags
                0x000000000022c220                uip_aligned_buf
                0x000000000022c720                uip_len
                0x000000000022c728                uip_sappdata
                0x000000000022c740                uip_udp_conns
                0x000000000022c880                uip_udp_conn
                0x000000000022c888                uip_conn
 COMMON         0x000000000022c890       0x10 build/native/contiki-ng-native.a(rpl.o)
                0x000000000022c890                rpl_multicast_addr
 COMMON         0x000000000022c8a0      0x260 build/native/contiki-ng-native.a(rpl-dag.o)
                0x000000000022c8a0                curr_instance
 COMMON         0x000000000022cb00        0x8 build/native/contiki-ng-native.a(platform.o)
                0x000000000022cb00                contiki_argv
 COMMON         0x000000000022cb08        0x3 build/native/contiki-ng-native.a(button-hal.o)
                0x000000000022cb08                button_hal_periodic_event
                0x000000000022cb09                button_hal_press_event
                0x000000000022cb0a                button_hal_release_event
 COMMON         0x000000000022cb0b        0x1 build/native/contiki-ng-native.a(serial-line.o)
                0x000000000022cb0b                serial_line_event_message
 *fill*         0x000000000022cb0c       0x14 
 COMMON         0x000000000022cb20       0x40 build/native/contiki-ng-native.a(link-stats.o)
                0x000000000022cb20                periodic_timer
                0x000000000022cb60                . = ALIGN ((. != 0x0)?0x8:0x1)

.lbss
 *(.dynlbss)
 *(.lbss .lbss.* .gnu.linkonce.lb.*)
 *(LARGE_COMMON)
                0x000000000022cb60                . = ALIGN (0x8)
                0x000000000022cb60                . = SEGMENT_START ("ldata-segment", .)

.lrodata
 *(.lrodata .lrodata.* .gnu.linkonce.lr.*)

.ldata          0x000000000062cb60        0x0
 *(.ldata .ldata.* .gnu.linkonce.l.*)
                0x000000000062cb60                . = ALIGN ((. != 0x0)?0x8:0x1)
                0x000000000062cb60                . = ALIGN (0x8)
                0x000000000062cb60                _end = .
                [!provide]                        PROVIDE (end = .)
                0x000000000062cb60                . = DATA_SEGMENT_END (.)

.stab
 *(.stab)

.stabstr
 *(.stabstr)

.stab.excl
 *(.stab.excl)

.stab.exclstr
 *(.stab.exclstr)

.stab.index
 *(.stab.index)

.stab.indexstr
 *(.stab.indexstr)

.comment        0x0000000000000000       0x2b
 *(.comment)
 .comment       0x0000000000000000       0x2b /usr/lib/gcc/x86_64-linux-gnu/7/crtbeginS.o
                                         0x2c (size before relaxing)
 .comment       0x000000000000002b       0x2c clusterhead.o
 .comment       0x000000000000002b       0x2c build/native/contiki-ng-native.a(contiki-main.o)
 .comment       0x000000000000002b       0x2c build/native/contiki-ng-native.a(autostart.o)
 .comment       0x000000000000002b       0x2c build/native/contiki-ng-native.a(log.o)
 .comment       0x000000000000002b       0x2c build/native/contiki-ng-native.a(energest.o)
 .comment       0x000000000000002b       0x2c build/native/contiki-ng-native.a(etimer.o)
 .comment       0x000000000000002b       0x2c build/native/contiki-ng-native.a(node-id.o)
 .comment       0x000000000000002b       0x2c build/native/contiki-ng-native.a(ctimer.o)
 .comment       0x000000000000002b       0x2c build/native/contiki-ng-native.a(rtimer.o)
 .comment       0x000000000000002b       0x2c build/native/contiki-ng-native.a(process.o)
 .comment       0x000000000000002b       0x2c build/native/contiki-ng-native.a(timer.o)
 .comment       0x000000000000002b       0x2c build/native/contiki-ng-native.a(list.o)
 .comment       0x000000000000002b       0x2c build/native/contiki-ng-native.a(random.o)
 .comment       0x000000000000002b       0x2c build/native/contiki-ng-native.a(queuebuf.o)
 .comment       0x000000000000002b       0x2c build/native/contiki-ng-native.a(packetbuf.o)
 .comment       0x000000000000002b       0x2c build/native/contiki-ng-native.a(netstack.o)
 .comment       0x000000000000002b       0x2c build/native/contiki-ng-native.a(linkaddr.o)
 .comment       0x000000000000002b       0x2c build/native/contiki-ng-native.a(nullmac.o)
 .comment       0x000000000000002b       0x2c build/native/contiki-ng-native.a(uip-ds6.o)
 .comment       0x000000000000002b       0x2c build/native/contiki-ng-native.a(uip-ds6-route.o)
 .comment       0x000000000000002b       0x2c build/native/contiki-ng-native.a(uip-ds6-nbr.o)
 .comment       0x000000000000002b       0x2c build/native/contiki-ng-native.a(tcpip.o)
 .comment       0x000000000000002b       0x2c build/native/contiki-ng-native.a(uip6.o)
 .comment       0x000000000000002b       0x2c build/native/contiki-ng-native.a(uip-nd6.o)
 .comment       0x000000000000002b       0x2c build/native/contiki-ng-native.a(simple-udp.o)
 .comment       0x000000000000002b       0x2c build/native/contiki-ng-native.a(uiplib.o)
 .comment       0x000000000000002b       0x2c build/native/contiki-ng-native.a(rpl.o)
 .comment       0x000000000000002b       0x2c build/native/contiki-ng-native.a(rpl-dag.o)
 .comment       0x000000000000002b       0x2c build/native/contiki-ng-native.a(rpl-dag-root.o)
 .comment       0x000000000000002b       0x2c build/native/contiki-ng-native.a(platform.o)
 .comment       0x000000000000002b       0x2c build/native/contiki-ng-native.a(clock.o)
 .comment       0x000000000000002b       0x2c build/native/contiki-ng-native.a(tun6-net.o)
 .comment       0x000000000000002b       0x2c build/native/contiki-ng-native.a(rtimer-arch.o)
 .comment       0x000000000000002b       0x2c build/native/contiki-ng-native.a(watchdog.o)
 .comment       0x000000000000002b       0x2c build/native/contiki-ng-native.a(stimer.o)
 .comment       0x000000000000002b       0x2c build/native/contiki-ng-native.a(memb.o)
 .comment       0x000000000000002b       0x2c build/native/contiki-ng-native.a(button-hal.o)
 .comment       0x000000000000002b       0x2c build/native/contiki-ng-native.a(serial-line.o)
 .comment       0x000000000000002b       0x2c build/native/contiki-ng-native.a(leds.o)
 .comment       0x000000000000002b       0x2c build/native/contiki-ng-native.a(nullradio.o)
 .comment       0x000000000000002b       0x2c build/native/contiki-ng-native.a(gpio-hal.o)
 .comment       0x000000000000002b       0x2c build/native/contiki-ng-native.a(nbr-table.o)
 .comment       0x000000000000002b       0x2c build/native/contiki-ng-native.a(link-stats.o)
 .comment       0x000000000000002b       0x2c build/native/contiki-ng-native.a(uipbuf.o)
 .comment       0x000000000000002b       0x2c build/native/contiki-ng-native.a(uip-icmp6.o)
 .comment       0x000000000000002b       0x2c build/native/contiki-ng-native.a(uip-sr.o)
 .comment       0x000000000000002b       0x2c build/native/contiki-ng-native.a(uip-packetqueue)
 .comment       0x000000000000002b       0x2c build/native/contiki-ng-native.a(uip-udp-packet.)
 .comment       0x000000000000002b       0x2c build/native/contiki-ng-native.a(rpl-icmp6.o)
 .comment       0x000000000000002b       0x2c build/native/contiki-ng-native.a(rpl-neighbor.o)
 .comment       0x000000000000002b       0x2c build/native/contiki-ng-native.a(rpl-timers.o)
 .comment       0x000000000000002b       0x2c build/native/contiki-ng-native.a(rpl-ext-header.)
 .comment       0x000000000000002b       0x2c build/native/contiki-ng-native.a(rpl-nbr-policy.)
 .comment       0x000000000000002b       0x2c build/native/contiki-ng-native.a(rpl-mrhof.o)
 .comment       0x000000000000002b       0x2c build/native/contiki-ng-native.a(buttons.o)
 .comment       0x000000000000002b       0x2c build/native/contiki-ng-native.a(int-master.o)
 .comment       0x000000000000002b       0x2c build/native/contiki-ng-native.a(gpio-hal-arch.o)
 .comment       0x000000000000002b       0x2c build/native/contiki-ng-native.a(ringbuf.o)
 .comment       0x000000000000002b       0x2c /usr/lib/gcc/x86_64-linux-gnu/7/crtendS.o

.debug
 *(.debug)

.line
 *(.line)

.debug_srcinfo
 *(.debug_srcinfo)

.debug_sfnames
 *(.debug_sfnames)

.debug_aranges  0x0000000000000000      0xae0
 *(.debug_aranges)
 .debug_aranges
                0x0000000000000000       0x30 clusterhead.o
 .debug_aranges
                0x0000000000000030       0x30 build/native/contiki-ng-native.a(contiki-main.o)
 .debug_aranges
                0x0000000000000060       0x30 build/native/contiki-ng-native.a(autostart.o)
 .debug_aranges
                0x0000000000000090       0x30 build/native/contiki-ng-native.a(log.o)
 .debug_aranges
                0x00000000000000c0       0x30 build/native/contiki-ng-native.a(energest.o)
 .debug_aranges
                0x00000000000000f0       0x30 build/native/contiki-ng-native.a(etimer.o)
 .debug_aranges
                0x0000000000000120       0x30 build/native/contiki-ng-native.a(node-id.o)
 .debug_aranges
                0x0000000000000150       0x30 build/native/contiki-ng-native.a(ctimer.o)
 .debug_aranges
                0x0000000000000180       0x30 build/native/contiki-ng-native.a(rtimer.o)
 .debug_aranges
                0x00000000000001b0       0x30 build/native/contiki-ng-native.a(process.o)
 .debug_aranges
                0x00000000000001e0       0x30 build/native/contiki-ng-native.a(timer.o)
 .debug_aranges
                0x0000000000000210       0x30 build/native/contiki-ng-native.a(list.o)
 .debug_aranges
                0x0000000000000240       0x30 build/native/contiki-ng-native.a(random.o)
 .debug_aranges
                0x0000000000000270       0x30 build/native/contiki-ng-native.a(queuebuf.o)
 .debug_aranges
                0x00000000000002a0       0x30 build/native/contiki-ng-native.a(packetbuf.o)
 .debug_aranges
                0x00000000000002d0       0x30 build/native/contiki-ng-native.a(netstack.o)
 .debug_aranges
                0x0000000000000300       0x30 build/native/contiki-ng-native.a(linkaddr.o)
 .debug_aranges
                0x0000000000000330       0x30 build/native/contiki-ng-native.a(nullmac.o)
 .debug_aranges
                0x0000000000000360       0x30 build/native/contiki-ng-native.a(uip-ds6.o)
 .debug_aranges
                0x0000000000000390       0x30 build/native/contiki-ng-native.a(uip-ds6-route.o)
 .debug_aranges
                0x00000000000003c0       0x30 build/native/contiki-ng-native.a(uip-ds6-nbr.o)
 .debug_aranges
                0x00000000000003f0       0x30 build/native/contiki-ng-native.a(tcpip.o)
 .debug_aranges
                0x0000000000000420       0x40 build/native/contiki-ng-native.a(uip6.o)
 .debug_aranges
                0x0000000000000460       0x30 build/native/contiki-ng-native.a(uip-nd6.o)
 .debug_aranges
                0x0000000000000490       0x30 build/native/contiki-ng-native.a(simple-udp.o)
 .debug_aranges
                0x00000000000004c0       0x30 build/native/contiki-ng-native.a(uiplib.o)